     1                                  [bits 16]
     2                                  [org 0x7C00]
     3                                  
     4                                  start:
     5 00000000 BAF803                      mov dx, 0x3F8
     6 00000003 B041                        mov al, 'A'
     7 00000005 EE                          out dx, al
     8                                  
     9 00000006 31C0                        xor ax, ax
    10 00000008 8ED8                        mov ds, ax
    11 0000000A 8EC0                        mov es, ax
    12 0000000C 8ED0                        mov ss, ax
    13 0000000E BC0070                      mov sp, 0x7000
    14 00000011 8816[A200]                  mov [boot_drive], dl
    15                                  
    16 00000015 B488                        mov ah, 0x88
    17 00000017 CD15                        int 0x15
    18 00000019 7205                        jc mem_err
    19 0000001B A30050                      mov [0x5000], ax
    20 0000001E EB06                        jmp detect_disk
    21                                  mem_err:
    22 00000020 C70600500080                mov word [0x5000], 32768
    23                                  
    24                                  detect_disk:
    25 00000026 B408                        mov ah, 0x08
    26 00000028 CD13                        int 0x13
    27 0000002A 7211                        jc floppy_geom
    28 0000002C 80E13F                      and cl, 0x3F
    29 0000002F 880E[A300]                  mov [spt], cl
    30 00000033 8836[A400]                  mov [heads], dh
    31 00000037 FE06[A400]                  inc byte [heads]
    32 0000003B EB0A                        jmp load_kernel
    33                                  
    34                                  floppy_geom:
    35 0000003D C606[A300]12                mov byte [spt], 18
    36 00000042 C606[A400]02                mov byte [heads], 2
    37                                  
    38                                  load_kernel:
    39 00000047 BE0100                      mov si, 1
    40 0000004A BF0080                      mov di, 0x8000
    41 0000004D B90001                      mov cx, 256
    42                                  .read_loop:
    43 00000050 51                          push cx
    44 00000051 89F0                        mov ax, si
    45 00000053 31D2                        xor dx, dx
    46 00000055 8A1E[A300]                  mov bl, [spt]
    47 00000059 F6F3                        div bl
    48 0000005B FEC4                        inc ah
    49 0000005D 88E1                        mov cl, ah
    50 0000005F 30E4                        xor ah, ah
    51 00000061 8A1E[A400]                  mov bl, [heads]
    52 00000065 F6F3                        div bl
    53 00000067 88E6                        mov dh, ah
    54 00000069 88C5                        mov ch, al
    55 0000006B 8A16[A200]                  mov dl, [boot_drive]
    56 0000006F B80102                      mov ax, 0x0201
    57 00000072 89FB                        mov bx, di
    58 00000074 CD13                        int 0x13
    59 00000076 7221                        jc read_error
    60 00000078 81C70002                    add di, 512
    61 0000007C 46                          inc si
    62 0000007D 59                          pop cx
    63 0000007E E2D0                        loop .read_loop
    64                                  
    65 00000080 BAF803                      mov dx, 0x3F8
    66 00000083 B042                        mov al, 'B'
    67 00000085 EE                          out dx, al
    68                                  
    69 00000086 FA                          cli
    70 00000087 0F0116[C000]                lgdt [gdt_desc]
    71 0000008C 0F20C0                      mov eax, cr0
    72 0000008F 0C01                        or al, 1
    73 00000091 0F22C0                      mov cr0, eax
    74 00000094 EA[C600]0800                jmp 0x08:pmode
    75                                  
    76                                  read_error:
    77 00000099 BAF803                      mov dx, 0x3F8
    78 0000009C B045                        mov al, 'E'
    79 0000009E EE                          out dx, al
    80 0000009F F4                          hlt
    81 000000A0 EBF7                        jmp read_error
    82                                  
    83 000000A2 00                      boot_drive: db 0
    84 000000A3 00                      spt:        db 0
    85 000000A4 00                      heads:      db 0
    86                                  
    87 000000A5 90<rep 3h>              align 8
    88                                  gdt:
    89 000000A8 0000000000000000            dq 0
    90 000000B0 FFFF0000009ACF00            dw 0xFFFF, 0, 0x9A00, 0x00CF
    91 000000B8 FFFF00000092CF00            dw 0xFFFF, 0, 0x9200, 0x00CF
    92                                  gdt_desc:
    93 000000C0 1700                        dw gdt_desc - gdt - 1
    94 000000C2 [A8000000]                  dd gdt
    95                                  
    96                                  [bits 32]
    97                                  pmode:
    98 000000C6 66B81000                    mov ax, 0x10
    99 000000CA 8ED8                        mov ds, ax
   100 000000CC 8EC0                        mov es, ax
   101 000000CE 8EE0                        mov fs, ax
   102 000000D0 8EE8                        mov gs, ax
   103 000000D2 8ED0                        mov ss, ax
   104 000000D4 BC00000900                  mov esp, 0x90000
   105                                  
   106 000000D9 FC                          cld
   107 000000DA BE00800000                  mov esi, 0x00008000
   108 000000DF BF00001000                  mov edi, 0x00100000
   109 000000E4 B900800000                  mov ecx, 131072 / 4
   110 000000E9 F3A5                        rep movsd
   111                                  
   112 000000EB 66BAF803                    mov dx, 0x3F8
   113 000000EF B043                        mov al, 'C'
   114 000000F1 EE                          out dx, al
   115                                  
   116 000000F2 EA000010000800              jmp 0x08:0x00100000
   117                                  
   118 000000F9 00<rep 1FEh>            times 510-($-$) db 0
   119 000002F7 55AA                    dw 0xAA55
